
> scss-utilities@1.0.0 build
> gulp build

[06:00:15] Using gulpfile ~/work/lifeserve_v2/lifeserve_v2/gulpfile.js
[06:00:15] Starting 'build'...
[06:00:15] Starting 'scssTask'...
[06:00:15] Starting 'jsTask'...
[06:00:15] Finished 'jsTask' after 12 ms
DEPRECATION WARNING [legacy-js-api]: The legacy JS API is deprecated and will be removed in Dart Sass 2.0.0.

More info: https://sass-lang.com/d/legacy-js-api

DEPRECATION WARNING [import]: Sass @import rules are deprecated and will be removed in Dart Sass 3.0.0.

More info and automated migrator: https://sass-lang.com/d/import

  ╷
4 │ @import "./helper/varaibles";
  │         ^^^^^^^^^^^^^^^^^^^^
  ╵
    assets/sass/style.scss 4:9  root stylesheet

DEPRECATION WARNING [import]: Sass @import rules are deprecated and will be removed in Dart Sass 3.0.0.

More info and automated migrator: https://sass-lang.com/d/import

  ╷
5 │ @import "./helper/mixins";
  │         ^^^^^^^^^^^^^^^^^
  ╵
    assets/sass/style.scss 5:9  root stylesheet

DEPRECATION WARNING [import]: Sass @import rules are deprecated and will be removed in Dart Sass 3.0.0.

More info and automated migrator: https://sass-lang.com/d/import

   ╷
10 │ @import "./base/typography";
   │         ^^^^^^^^^^^^^^^^^^^
   ╵
    assets/sass/style.scss 10:9  root stylesheet

DEPRECATION WARNING [import]: Sass @import rules are deprecated and will be removed in Dart Sass 3.0.0.

More info and automated migrator: https://sass-lang.com/d/import

   ╷
15 │ @import "./base/base";
   │         ^^^^^^^^^^^^^
   ╵
    assets/sass/style.scss 15:9  root stylesheet

DEPRECATION WARNING [import]: Sass @import rules are deprecated and will be removed in Dart Sass 3.0.0.

More info and automated migrator: https://sass-lang.com/d/import

   ╷
20 │ @import "component/alignments";
   │         ^^^^^^^^^^^^^^^^^^^^^^
   ╵
    assets/sass/style.scss 20:9  root stylesheet

DEPRECATION WARNING [slash-div]: Using / for division outside of calc() is deprecated and will be removed in Dart Sass 2.0.0.

Recommendation: math.div($size, 10) or calc($size / 10)

More info and automated migrator: https://sass-lang.com/d/slash-div

  ╷
4 │     font-size: $size/10 + rem;
  │                ^^^^^^^^
  ╵
    assets/sass/helper/_mixins.scss 4:16   font-size()
    assets/sass/base/_typography.scss 7:5  @import
    assets/sass/style.scss 10:9            root stylesheet

WARNING: 12 repetitive deprecation warnings omitted.

[06:00:15] Finished 'scssTask' after 243 ms
[06:00:15] Starting 'cacheBustTask'...
[06:00:16] Finished 'cacheBustTask' after 151 ms
[06:00:16] Finished 'build' after 397 ms
